To honour the JVM settings for this build a single-use Daemon process will be forked. For more on this, please refer to https://docs.gradle.org/8.14.3/userguide/gradle_daemon.html#sec:disabling_the_daemon in the Gradle documentation.
Daemon will be stopped at the end of the build
> Task :buildSrc:compileJava UP-TO-DATE
> Task :buildSrc:compileGroovy NO-SOURCE
> Task :buildSrc:processResources NO-SOURCE
> Task :buildSrc:classes UP-TO-DATE
> Task :buildSrc:jar UP-TO-DATE
> Task :modules:axelor-base:generateCode UP-TO-DATE
> Task :modules:axelor-account:generateCode UP-TO-DATE
> Task :modules:axelor-account:processResources UP-TO-DATE
> Task :modules:axelor-bank-payment:generateCode UP-TO-DATE
> Task :modules:axelor-bank-payment:xjc UP-TO-DATE
> Task :modules:axelor-base:compileJava UP-TO-DATE
> Task :modules:axelor-bank-payment:processResources UP-TO-DATE
> Task :modules:axelor-crm:generateCode UP-TO-DATE
> Task :modules:axelor-base:processResources UP-TO-DATE
> Task :modules:axelor-base:classes UP-TO-DATE
> Task :modules:axelor-crm:processResources UP-TO-DATE
> Task :modules:axelor-crm:compileJava UP-TO-DATE
> Task :modules:axelor-crm:classes UP-TO-DATE
> Task :modules:axelor-purchase:generateCode UP-TO-DATE
> Task :modules:axelor-account:compileJava UP-TO-DATE
> Task :modules:axelor-account:classes UP-TO-DATE
> Task :modules:axelor-purchase:compileJava UP-TO-DATE
> Task :modules:axelor-purchase:processResources UP-TO-DATE
> Task :modules:axelor-purchase:classes UP-TO-DATE
> Task :modules:axelor-sale:generateCode UP-TO-DATE
> Task :modules:axelor-sale:compileJava UP-TO-DATE
> Task :modules:axelor-sale:processResources UP-TO-DATE
> Task :modules:axelor-sale:classes UP-TO-DATE
> Task :modules:axelor-stock:generateCode UP-TO-DATE
> Task :modules:axelor-stock:compileJava UP-TO-DATE
> Task :modules:axelor-stock:processResources UP-TO-DATE
> Task :modules:axelor-stock:classes UP-TO-DATE
> Task :modules:axelor-supplychain:generateCode UP-TO-DATE
> Task :modules:axelor-supplychain:compileJava UP-TO-DATE
> Task :modules:axelor-supplychain:processResources UP-TO-DATE
> Task :modules:axelor-supplychain:classes UP-TO-DATE
> Task :modules:cencomun-baseline:generateCode UP-TO-DATE
> Task :modules:cencomun-baseline:processResources UP-TO-DATE

> Task :modules:axelor-bank-payment:compileJava
Note: /workspace/ccm-axelor-runtime/open-suite-webapp/modules/axelor-open-suite/axelor-bank-payment/src/main/java/com/axelor/apps/bankpayment/service/bankorder/BankOrderEncryptionServiceImpl.java uses or overrides a deprecated API.
Note: Recompile with -Xlint:deprecation for details.
Note: Some input files use unchecked or unsafe operations.
Note: Recompile with -Xlint:unchecked for details.

> Task :modules:axelor-bank-payment:classes

> Task :modules:cencomun-baseline:compileJava
Note: Some input files use or override a deprecated API.
Note: Recompile with -Xlint:deprecation for details.
Note: Some input files use unchecked or unsafe operations.
Note: Recompile with -Xlint:unchecked for details.

> Task :modules:cencomun-baseline:classes
> Task :modules:cencomun-baseline:jar
Persisted dependency lock state for settings file 'settings.gradle'
Persisted dependency lock state for root project 'axelor-erp'
Persisted dependency lock state for buildscript of root project 'axelor-erp'
Persisted dependency lock state for project ':modules:axelor-account'
Persisted dependency lock state for project ':modules:axelor-bank-payment'
Persisted dependency lock state for project ':modules:axelor-base'
Persisted dependency lock state for project ':modules:axelor-budget'
Persisted dependency lock state for project ':modules:axelor-cash-management'
Persisted dependency lock state for project ':modules:axelor-client-portal'
Persisted dependency lock state for project ':modules:axelor-contract'
Persisted dependency lock state for project ':modules:axelor-crm'
Persisted dependency lock state for project ':modules:axelor-fleet'
Persisted dependency lock state for project ':modules:axelor-gdpr'
Persisted dependency lock state for project ':modules:axelor-helpdesk'
Persisted dependency lock state for project ':modules:axelor-human-resource'
Persisted dependency lock state for project ':modules:axelor-intervention'
Persisted dependency lock state for project ':modules:axelor-maintenance'
Persisted dependency lock state for project ':modules:axelor-marketing'
Persisted dependency lock state for project ':modules:axelor-mobile-settings'
Persisted dependency lock state for project ':modules:axelor-production'
Persisted dependency lock state for project ':modules:axelor-project'
Persisted dependency lock state for project ':modules:axelor-purchase'
Persisted dependency lock state for project ':modules:axelor-quality'
Persisted dependency lock state for project ':modules:axelor-sale'
Persisted dependency lock state for project ':modules:axelor-stock'
Persisted dependency lock state for project ':modules:axelor-supplier-management'
Persisted dependency lock state for project ':modules:axelor-supplier-portal'
Persisted dependency lock state for project ':modules:axelor-supplychain'
Persisted dependency lock state for project ':modules:axelor-talent'
Persisted dependency lock state for project ':modules:cencomun-baseline'
Persisted dependency lock state for script 'gradle/style.gradle'
Persisted dependency lock state for project ':buildSrc'

[Incubating] Problems report is available at: file:///workspace/ccm-axelor-runtime/open-suite-webapp/build/reports/problems/problems-report.html

Deprecated Gradle features were used in this build, making it incompatible with Gradle 9.0.

You can use '--warning-mode all' to show the individual deprecation warnings and determine if they come from your own scripts or plugins.

For more on this, please refer to https://docs.gradle.org/8.14.3/userguide/command_line_interface.html#sec:command_line_warnings in the Gradle documentation.

BUILD SUCCESSFUL in 17s
31 actionable tasks: 3 executed, 28 up-to-date
