/workspace/axelor-pilot-state/node.tar.xz: OK
To honour the JVM settings for this build a single-use Daemon process will be forked. For more on this, please refer to https://docs.gradle.org/8.14.3/userguide/gradle_daemon.html#sec:disabling_the_daemon in the Gradle documentation.
Daemon will be stopped at the end of the build 
> Task :buildSrc:compileJava UP-TO-DATE
> Task :buildSrc:compileGroovy NO-SOURCE
> Task :buildSrc:processResources NO-SOURCE
> Task :buildSrc:classes UP-TO-DATE
> Task :buildSrc:jar UP-TO-DATE
> Task :modules:cencomun-baseline:processTestResources NO-SOURCE
> Task :modules:axelor-base:generateCode UP-TO-DATE
> Task :modules:axelor-account:generateCode UP-TO-DATE
> Task :modules:axelor-human-resource:nodeSetup UP-TO-DATE
> Task :modules:axelor-account:processResources UP-TO-DATE
> Task :modules:axelor-base:compileJava UP-TO-DATE
> Task :modules:axelor-bank-payment:generateCode UP-TO-DATE
> Task :modules:axelor-bank-payment:xjc UP-TO-DATE
> Task :modules:axelor-bank-payment:processResources UP-TO-DATE
> Task :modules:axelor-base:processResources UP-TO-DATE
> Task :modules:axelor-base:classes UP-TO-DATE
> Task :modules:axelor-crm:generateCode UP-TO-DATE

> Task :modules:axelor-crm:compileJava
Note: Some input files use unchecked or unsafe operations.
Note: Recompile with -Xlint:unchecked for details.

> Task :modules:axelor-crm:processResources UP-TO-DATE
> Task :modules:axelor-crm:classes
> Task :modules:axelor-purchase:generateCode UP-TO-DATE
> Task :modules:axelor-purchase:compileJava
> Task :modules:axelor-purchase:processResources UP-TO-DATE
> Task :modules:axelor-purchase:classes
> Task :modules:axelor-sale:generateCode UP-TO-DATE

> Task :modules:axelor-account:compileJava
Note: Some input files use or override a deprecated API.
Note: Recompile with -Xlint:deprecation for details.
Note: Some input files use unchecked or unsafe operations.
Note: Recompile with -Xlint:unchecked for details.

> Task :modules:axelor-account:classes

> Task :modules:axelor-sale:compileJava
Note: /workspace/ccm-axelor-runtime/open-suite-webapp/modules/axelor-open-suite/axelor-sale/src/main/java/com/axelor/apps/sale/service/configurator/ConfiguratorCreatorImportServiceImpl.java uses or overrides a deprecated API.
Note: Recompile with -Xlint:deprecation for details.
Note: Some input files use unchecked or unsafe operations.
Note: Recompile with -Xlint:unchecked for details.

> Task :modules:axelor-sale:processResources UP-TO-DATE
> Task :modules:axelor-sale:classes
> Task :modules:axelor-stock:generateCode UP-TO-DATE

> Task :modules:axelor-stock:compileJava
Note: Some input files use unchecked or unsafe operations.
Note: Recompile with -Xlint:unchecked for details.

> Task :modules:axelor-stock:processResources UP-TO-DATE
> Task :modules:axelor-stock:classes
> Task :modules:axelor-supplychain:generateCode UP-TO-DATE

> Task :modules:axelor-bank-payment:compileJava
Note: /workspace/ccm-axelor-runtime/open-suite-webapp/modules/axelor-open-suite/axelor-bank-payment/src/main/java/com/axelor/apps/bankpayment/service/bankorder/BankOrderEncryptionServiceImpl.java uses or overrides a deprecated API.
Note: Recompile with -Xlint:deprecation for details.
Note: Some input files use unchecked or unsafe operations.
Note: Recompile with -Xlint:unchecked for details.

> Task :modules:axelor-bank-payment:classes
> Task :modules:cencomun-baseline:generateCode UP-TO-DATE
> Task :modules:cencomun-baseline:processResources UP-TO-DATE
> Task :modules:axelor-account:jar UP-TO-DATE
> Task :modules:axelor-bank-payment:jar UP-TO-DATE
> Task :modules:axelor-base:nodeSetup SKIPPED
> Task :modules:axelor-base:yarnSetup SKIPPED

> Task :modules:axelor-base:installFrontDeps
yarn install v1.22.19
[1/4] Resolving packages...
(node:11655) [DEP0169] DeprecationWarning: `url.parse()` behavior is not standardized and prone to errors that have security implications. Use the WHATWG URL API instead. CVEs are not issued for `url.parse()` vulnerabilities.
(Use `node --trace-deprecation ...` to show where the warning was created)
success Already up-to-date.
Done in 0.39s.

> Task :modules:axelor-base:buildFront UP-TO-DATE
> Task :modules:axelor-base:jar UP-TO-DATE
> Task :modules:axelor-crm:jar UP-TO-DATE
> Task :modules:axelor-purchase:jar UP-TO-DATE
> Task :modules:axelor-sale:jar UP-TO-DATE
> Task :modules:axelor-stock:jar UP-TO-DATE
> Task :modules:cencomun-baseline:generateTestCode UP-TO-DATE
> Task :modules:axelor-contract:generateCode UP-TO-DATE
> Task :modules:axelor-project:generateCode UP-TO-DATE
> Task :modules:axelor-human-resource:generateCode UP-TO-DATE
> Task :modules:axelor-budget:generateCode UP-TO-DATE
> Task :modules:axelor-cash-management:generateCode UP-TO-DATE
> Task :modules:axelor-helpdesk:generateCode UP-TO-DATE
> Task :modules:axelor-client-portal:generateCode UP-TO-DATE
> Task :modules:axelor-fleet:generateCode UP-TO-DATE
> Task :modules:axelor-gdpr:generateCode UP-TO-DATE
> Task :modules:axelor-intervention:generateCode UP-TO-DATE
> Task :modules:axelor-quality:generateCode UP-TO-DATE
> Task :modules:axelor-production:generateCode UP-TO-DATE
> Task :modules:axelor-maintenance:generateCode UP-TO-DATE
> Task :modules:axelor-marketing:generateCode UP-TO-DATE
> Task :modules:axelor-mobile-settings:generateCode UP-TO-DATE
> Task :modules:axelor-supplier-management:generateCode UP-TO-DATE
> Task :modules:axelor-supplier-portal:generateCode UP-TO-DATE
> Task :modules:axelor-talent:generateCode UP-TO-DATE
> Task :generateCode UP-TO-DATE
> Task :modules:axelor-base:copyReactWebapp UP-TO-DATE
> Task :modules:axelor-contract:processResources UP-TO-DATE

> Task :modules:axelor-supplychain:compileJava
Note: Some input files use unchecked or unsafe operations.
Note: Recompile with -Xlint:unchecked for details.

> Task :modules:axelor-project:compileJava
Note: Some input files use unchecked or unsafe operations.
Note: Recompile with -Xlint:unchecked for details.

> Task :modules:axelor-project:processResources UP-TO-DATE
> Task :modules:axelor-project:classes
> Task :modules:axelor-supplychain:processResources UP-TO-DATE
> Task :modules:axelor-supplychain:classes

> Task :modules:cencomun-baseline:compileJava
Note: Some input files use or override a deprecated API.
Note: Recompile with -Xlint:deprecation for details.
Note: Some input files use unchecked or unsafe operations.
Note: Recompile with -Xlint:unchecked for details.

> Task :modules:cencomun-baseline:classes
> Task :modules:cencomun-baseline:jar
> Task :modules:axelor-supplychain:jar UP-TO-DATE

> Task :modules:axelor-human-resource:compileJava
Note: /workspace/ccm-axelor-runtime/open-suite-webapp/modules/axelor-open-suite/axelor-human-resource/src/main/java/com/axelor/apps/hr/service/KilometricResponseToolServiceImpl.java uses or overrides a deprecated API.
Note: Recompile with -Xlint:deprecation for details.
Note: Some input files use unchecked or unsafe operations.
Note: Recompile with -Xlint:unchecked for details.

> Task :modules:cencomun-baseline:compileTestJava
Note: /workspace/ccm-axelor-runtime/open-suite-webapp/modules/cencomun-baseline/src/native-test/java/com/cencomun/core/NativeFinanceModelTest.java uses unchecked or unsafe operations.
Note: Recompile with -Xlint:unchecked for details.

> Task :modules:cencomun-baseline:testClasses

> Task :modules:axelor-contract:compileJava
Note: /workspace/ccm-axelor-runtime/open-suite-webapp/modules/axelor-open-suite/axelor-contract/src/main/java/com/axelor/apps/contract/service/ContractLineServiceImpl.java uses or overrides a deprecated API.
Note: Recompile with -Xlint:deprecation for details.
Note: Some input files use unchecked or unsafe operations.
Note: Recompile with -Xlint:unchecked for details.

> Task :modules:axelor-contract:classes
> Task :modules:axelor-human-resource:processResources UP-TO-DATE
> Task :modules:axelor-human-resource:classes

> Task :modules:cencomun-baseline:test
Running: Test generatedMetadataIdentifiesTheCustomModule()(com.cencomun.baseline.module.CencomunModuleTest)
Running: Test registersWithThePlatformInjectorWithoutADatabase()(com.cencomun.baseline.module.CencomunModuleTest)
Running: Test privateReadsAreNotBusinessReads()(com.cencomun.core.CoreFinancePolicyTest)
Running: Test mcpDraftDoesNotAuthorizeFinanceOrPurchaseProgression()(com.cencomun.core.CoreFinancePolicyTest)
Running: Test nestedCallsDoNotOpenAnotherThread()(com.cencomun.core.CoreNativeScopeTest)
Running: Test directCallsAreDeniedAndScopeDoesNotLeakAfterFailure()(com.cencomun.core.CoreNativeScopeTest)
Running: Test fivePhysicalAttemptsBeforeAcceptanceRejectWithoutRelaxingTheGraph()(com.cencomun.core.CoreOrderPolicyTest)
Running: Test invalidQuantityAndPriceMustRejectBeforeNativeDocumentCreation()(com.cencomun.core.CoreOrderPolicyTest)
Running: Test genericCrudDoesNotInheritWorkflowWriteCapability()(com.cencomun.core.CoreOrderPolicyTest)
Running: Test unknownStatesCannotBecomeAnEnumOrEconomicAction()(com.cencomun.core.CoreOrderPolicyTest)
Running: Test exceptionPathsDoNotAllowCancellationAfterHandover()(com.cencomun.core.CoreOrderPolicyTest)
Running: Test storeAndWebPathsRequireEveryStage()(com.cencomun.core.CoreOrderPolicyTest)
Running: Test fixedPayloadsRemainValidWithoutChangingTheirValues()(com.cencomun.core.CoreOrderPolicyTest)
Running: Test missingWebGuideIsInvalidAfterPreparing()(com.cencomun.core.CoreOrderPolicyTest)
Running: Test authenticatedSimulatorAndOperatorHaveDifferentResponsibilities()(com.cencomun.core.CoreOrderPolicyTest)
Running: Test purchaseLimitsKeepAllSixExactBoundaries()(com.cencomun.core.MoneyPolicyTest)
Running: Test pricesRejectInvalidPrecisionWithoutRoundingToAccept()(com.cencomun.core.MoneyPolicyTest)
Running: Test exchangeConversionRoundsEachLine()(com.cencomun.core.MoneyPolicyTest)
Running: Test allFourMoneyCasesMatchTheFixedOracleWithoutFeedingItIntoCalculations()(com.cencomun.core.MoneyPolicyTest)
Running: Test negativeCostsAreRejected()(com.cencomun.core.MoneyPolicyTest)
Running: Test quantitiesRejectZeroNegativeAndFractions()(com.cencomun.core.MoneyPolicyTest)
Running: Test fixedFixturesAndRevisionTwoRemainByteIdentical()(com.cencomun.core.MoneyPolicyTest)
Running: Test fixtureRendersEveryNativeLineIncludingUnusedLines()(com.cencomun.core.NativeAddressTemplateTest)
Running: Test missingRequiredFieldCollectionReproducesTheNextNativeFailure()(com.cencomun.core.NativeAddressTemplateTest)
Running: Test fixtureCannotBypassAnyOfficialRequiredField(String)[1](com.cencomun.core.NativeAddressTemplateTest)
Running: Test fixtureCannotBypassAnyOfficialRequiredField(String)[2](com.cencomun.core.NativeAddressTemplateTest)
Running: Test fixtureCannotBypassAnyOfficialRequiredField(String)[3](com.cencomun.core.NativeAddressTemplateTest)
Running: Test fixtureRejectsIncompleteMetadataBeforeAnySave()(com.cencomun.core.NativeAddressTemplateTest)
Running: Test missingRequiredMetadataReproducesTheNativeFailure()(com.cencomun.core.NativeAddressTemplateTest)
Running: Test missingLineTemplateReproducesTheNativePreparationFailure()(com.cencomun.core.NativeAddressTemplateTest)
Running: Test preservesQuotedDescriptionSignedAmountsAndCrLf()(com.cencomun.core.NativeBankCsvTest)
Running: Test refusesChangedSharedHeader()(com.cencomun.core.NativeBankCsvTest)
Running: Test refusesMalformedShortRow()(com.cencomun.core.NativeBankCsvTest)
Running: Test purchaseRateRetainsTheSameStringTypeBeforeAndAfterReplaySerialization()(com.cencomun.core.NativeFinanceModelTest)
Running: Test decimalSerializationIsIdenticalAfterPersistenceChangesScale()(com.cencomun.core.NativeFinanceModelTest)
Running: Test immutableNativeAuditRepositoryReturnsPermissionDenialBeforePersistence()(com.cencomun.core.NativeFinanceModelTest)
Running: Test pinnedSessionProvidesActualJdbcExecutionCallbacks()(com.cencomun.core.NativeFinanceModelTest)
Running: Test benchmarkReferenceBelongsToTheNativeStatementLine()(com.cencomun.core.NativeFinanceModelTest)
Running: Test bankCodeIsTheNativeBicAndBankNameIsTheSupportedField()(com.cencomun.core.NativeFinanceModelTest)
Running: Test nativeLineComputeAcceptsTheLineAndItsOrderBeforeHeaderTotals()(com.cencomun.core.NativeFinanceModelTest)
Running: Test labDisablesOnlyAutomaticSalesPdf()(com.cencomun.core.NativeInvoiceRuntimeTest)
Running: Test skippedVentilationCannotBeSilentlyAccepted()(com.cencomun.core.NativeInvoiceRuntimeTest)
Running: Test economicDocumentReferencesAreNativeTypedForeignKeys()(com.cencomun.core.NativeOrderModelTest)
Running: Test semanticAuditCannotBeEditedEvenWithinWorkflowScope()(com.cencomun.core.NativeOrderModelTest)
Running: Test genericRepositorySaveDoesNotGainWorkflowPrivilege()(com.cencomun.core.NativeOrderModelTest)
Running: Test generatedStateCannotRepresentAnUnknownValue()(com.cencomun.core.NativeOrderModelTest)
Running: Test readerPhoneKeepsCompanyBeforeString()(com.cencomun.core.NativePermissionFilterTest)

> Task :modules:axelor-budget:compileJava
Note: /workspace/ccm-axelor-runtime/open-suite-webapp/modules/axelor-open-suite/axelor-budget/src/main/java/com/axelor/apps/budget/web/BudgetGeneratorController.java uses or overrides a deprecated API.
Note: Recompile with -Xlint:deprecation for details.
Note: Some input files use unchecked or unsafe operations.
Note: Recompile with -Xlint:unchecked for details.

> Task :modules:axelor-budget:processResources UP-TO-DATE
> Task :modules:axelor-budget:classes

> Task :modules:cencomun-baseline:test
Running: Test directQueryRetainsExplicitIndexes()(com.cencomun.core.NativePermissionFilterTest)
Running: Test oldIndexedPermissionReproducesNativeDoubleNumbering()(com.cencomun.core.NativePermissionFilterTest)
Running: Test readerInvoiceKeepsCompany()(com.cencomun.core.NativePermissionFilterTest)
Running: Test readerNameKeepsCompanyBeforeString()(com.cencomun.core.NativePermissionFilterTest)
Running: Test taxInclusiveLineRoundingIsExactAndBalancedWithoutTolerance()(com.cencomun.core.NativePilotTest)
Running: Test firstReceiptReconciliationStartsWithAnEmptyPaymentCollection()(com.cencomun.core.NativePilotTest)
Running: Test saleStoresNativePaymentSeparatelyFromBankSettlementAndSession()(com.cencomun.core.NativePilotTest)
Running: Test receiptNegativeCostCannotPassPilotBoundary()(com.cencomun.core.NativePilotTest)
Running: Test productAndNativeAverageCostCannotBeNegative()(com.cencomun.core.NativePilotTest)
Running: Test genericWritesAndDeletionCannotBypassPilotWorkflow()(com.cencomun.core.NativePilotTest)
Running: Test nativeActionsAndAdministrativeChainsCannotBypassPilotScreens()(com.cencomun.core.NativePilotTest)
Running: Test countedDifferenceRequiresExplanationAndExactCents()(com.cencomun.core.PilotPolicyTest)
Running: Test operatorCannotSettleCancelOrConfirmCash()(com.cencomun.core.PilotPolicyTest)
Running: Test nativeScaleIsNormalizedWithoutRoundingInvalidPrices()(com.cencomun.core.PilotPolicyTest)
Running: Test cashCannotCreateFinancingOrShippingAndCasheaCannotTransferNegative()(com.cencomun.core.PilotPolicyTest)
Running: Test cancellationAndHandoverCannotFollowDelivery()(com.cencomun.core.PilotPolicyTest)

> Task :modules:axelor-cash-management:compileJava
> Task :modules:axelor-cash-management:processResources UP-TO-DATE
> Task :modules:axelor-cash-management:classes
> Task :modules:axelor-client-portal:processResources UP-TO-DATE
> Task :modules:axelor-helpdesk:compileJava
> Task :modules:axelor-helpdesk:processResources UP-TO-DATE
> Task :modules:axelor-helpdesk:classes
> Task :modules:axelor-fleet:compileJava
> Task :modules:axelor-fleet:processResources UP-TO-DATE
> Task :modules:axelor-fleet:classes

> Task :modules:axelor-gdpr:compileJava
Note: Some input files use unchecked or unsafe operations.
Note: Recompile with -Xlint:unchecked for details.

> Task :modules:axelor-gdpr:processResources UP-TO-DATE
> Task :modules:axelor-gdpr:classes
> Task :modules:axelor-client-portal:compileJava
> Task :modules:axelor-client-portal:classes
> Task :modules:axelor-quality:compileJava
> Task :modules:axelor-quality:processResources UP-TO-DATE
> Task :modules:axelor-quality:classes
> Task :modules:axelor-intervention:compileJava
> Task :modules:axelor-intervention:processResources UP-TO-DATE
> Task :modules:axelor-intervention:classes
> Task :modules:axelor-maintenance:processResources UP-TO-DATE
> Task :modules:axelor-marketing:compileJava
> Task :modules:axelor-marketing:processResources UP-TO-DATE
> Task :modules:axelor-marketing:classes

> Task :modules:axelor-mobile-settings:compileJava
Note: /workspace/ccm-axelor-runtime/open-suite-webapp/modules/axelor-open-suite/axelor-mobile-settings/src/main/java/com/axelor/apps/mobilesettings/service/MobileChartServiceImpl.java uses unchecked or unsafe operations.
Note: Recompile with -Xlint:unchecked for details.

> Task :modules:axelor-mobile-settings:processResources UP-TO-DATE
> Task :modules:axelor-mobile-settings:classes

> Task :modules:axelor-production:compileJava
Note: Some input files use or override a deprecated API.
Note: Recompile with -Xlint:deprecation for details.
Note: Some input files use unchecked or unsafe operations.
Note: Recompile with -Xlint:unchecked for details.

> Task :modules:axelor-production:processResources UP-TO-DATE
> Task :modules:axelor-production:classes
> Task :modules:axelor-supplier-management:compileJava
> Task :modules:axelor-supplier-management:processResources UP-TO-DATE
> Task :modules:axelor-supplier-management:classes
> Task :modules:axelor-maintenance:compileJava
> Task :modules:axelor-maintenance:classes

> Task :modules:axelor-talent:compileJava
Note: /workspace/ccm-axelor-runtime/open-suite-webapp/modules/axelor-open-suite/axelor-talent/src/main/java/com/axelor/apps/talent/web/AppraisalController.java uses unchecked or unsafe operations.
Note: Recompile with -Xlint:unchecked for details.

> Task :modules:axelor-supplier-portal:compileJava
> Task :modules:axelor-talent:processResources UP-TO-DATE
> Task :modules:axelor-talent:classes
> Task :modules:axelor-supplier-portal:processResources UP-TO-DATE
> Task :processResources UP-TO-DATE
> Task :modules:axelor-supplier-portal:classes
> Task :modules:axelor-budget:jar UP-TO-DATE
> Task :modules:axelor-cash-management:jar UP-TO-DATE
> Task :modules:axelor-client-portal:jar UP-TO-DATE
> Task :modules:axelor-contract:jar UP-TO-DATE
> Task :modules:axelor-fleet:jar UP-TO-DATE
> Task :modules:axelor-gdpr:jar UP-TO-DATE
> Task :modules:axelor-helpdesk:jar UP-TO-DATE
> Task :modules:axelor-human-resource:yarnSetup SKIPPED

> Task :modules:axelor-human-resource:installFrontDeps
yarn install v1.22.19
(node:11877) [DEP0169] DeprecationWarning: `url.parse()` behavior is not standardized and prone to errors that have security implications. Use the WHATWG URL API instead. CVEs are not issued for `url.parse()` vulnerabilities.
(Use `node --trace-deprecation ...` to show where the warning was created)
[1/4] Resolving packages...
success Already up-to-date.
Done in 0.24s.

> Task :modules:axelor-human-resource:buildFront UP-TO-DATE
> Task :modules:axelor-human-resource:copyReactWebapp UP-TO-DATE
> Task :modules:axelor-human-resource:jar UP-TO-DATE
> Task :modules:axelor-intervention:jar UP-TO-DATE
> Task :modules:axelor-maintenance:jar UP-TO-DATE
> Task :modules:axelor-marketing:jar UP-TO-DATE
> Task :modules:axelor-mobile-settings:jar UP-TO-DATE
> Task :modules:axelor-production:jar UP-TO-DATE
> Task :modules:axelor-project:jar UP-TO-DATE
> Task :modules:axelor-quality:jar UP-TO-DATE
> Task :modules:axelor-supplier-management:jar UP-TO-DATE
> Task :modules:axelor-supplier-portal:jar UP-TO-DATE
> Task :modules:axelor-talent:jar UP-TO-DATE
> Task :compileJava
> Task :classes
> Task :copyWebapp UP-TO-DATE
> Task :war
> Task :generateRunner

[Incubating] Problems report is available at: file:///workspace/ccm-axelor-runtime/open-suite-webapp/build/reports/problems/problems-report.html

Deprecated Gradle features were used in this build, making it incompatible with Gradle 9.0.

You can use '--warning-mode all' to show the individual deprecation warnings and determine if they come from your own scripts or plugins.

For more on this, please refer to https://docs.gradle.org/8.14.3/userguide/command_line_interface.html#sec:command_line_warnings in the Gradle documentation.

BUILD SUCCESSFUL in 1m 46s
127 actionable tasks: 34 executed, 93 up-to-date
