Oct 06, 2026 1:43:21 PM org.apache.coyote.AbstractProtocol init
INFO: Initializing ProtocolHandler ["http-nio-8080"]
Oct 06, 2026 1:43:21 PM org.apache.catalina.core.StandardService startInternal
INFO: Starting service [Tomcat]
Oct 06, 2026 1:43:21 PM org.apache.catalina.core.StandardEngine startInternal
INFO: Starting Servlet engine: [Apache Tomcat/10.1.57]
Oct 06, 2026 1:43:23 PM org.apache.catalina.startup.ContextConfig getDefaultWebXmlFragment
INFO: No global web.xml found
2026-10-06 13:44:00.284  INFO 10686 --- [           main] com.axelor.db.JpaModule                  : JCache provider: com.github.benmanes.caffeine.jcache.spi.CaffeineCachingProvider
2026-10-06 13:44:13.463  INFO 10686 --- [           main] com.axelor.app.AppModule                 : Configuring app modules...
2026-10-06 13:44:27.074  INFO 10686 --- [           main] com.axelor.app.AppModule                 : View processors: com.axelor.studio.service.ViewProcessorImpl, com.axelor.apps.base.service.meta.BaseViewProcessor
2026-10-06 13:44:27.928  INFO 10686 --- [           main] com.axelor.app.AppModule                 : Script policy configurators: com.axelor.studio.scripting.StudioScriptPolicyConfigurator, com.axelor.apps.base.module.BaseCustomPolicy, com.axelor.apps.crm.module.CrmCustomPolicy, com.axelor.apps.account.module.AccountCustomPolicy, com.axelor.apps.intervention.module.InterventionCustomPolicy
2026-10-06 13:44:28.611  INFO 10686 --- [           main] com.axelor.app.AppModule                 : Cache provider: caffeine
2026-10-06 13:44:42.906  INFO 10686 --- [           main] c.axelor.web.socket.WebSocketEndpoint    : Registering channel: tags
2026-10-06 13:44:42.906  INFO 10686 --- [           main] c.axelor.web.socket.WebSocketEndpoint    : Registering channel: mail
2026-10-06 13:44:44.543  INFO 10686 --- [           main] com.axelor.auth.pac4j.AuthPac4jModule    : JCache provider: com.github.benmanes.caffeine.jcache.spi.CaffeineCachingProvider
2026-10-06 13:44:46.205  INFO 10686 --- [           main] c.axelor.auth.pac4j.ClientListService    : Indirect clients: AxelorFormClient, MfaClient
2026-10-06 13:44:46.205  INFO 10686 --- [           main] c.axelor.auth.pac4j.ClientListService    : Direct clients: AxelorApiKeyClient
2026-10-06 13:46:59.599  INFO 10686 --- [           main] c.a.d.h.dialect.CustomDialectResolver    : Database dialect: AxelorPostgreSQLDialect, version: 16.15
2026-10-06 13:48:09.106  INFO 10686 --- [           main] com.axelor.web.AppStartup                : Initializing...
2026-10-06 13:48:20.603  INFO 10686 --- [           main] c.a.s.b.s.BpmAsyncExecutorServiceImpl    : BPM async ForkJoinPool initialized: parallelism=4
2026-10-06 13:48:20.759  INFO 10686 --- [           main] com.axelor.meta.loader.ModuleManager     : Loading package axelor-core...
2026-10-06 13:48:20.759  INFO 10686 --- [           main] com.axelor.meta.loader.ModuleManager     : Loading package axelor-web...
2026-10-06 13:48:20.760  INFO 10686 --- [           main] com.axelor.meta.loader.ModuleManager     : Loading package axelor-utils...
2026-10-06 13:48:20.760  INFO 10686 --- [           main] com.axelor.meta.loader.ModuleManager     : Loading package axelor-message...
2026-10-06 13:48:20.760  INFO 10686 --- [           main] com.axelor.meta.loader.ModuleManager     : Loading package axelor-studio...
2026-10-06 13:48:20.760  INFO 10686 --- [           main] com.axelor.meta.loader.ModuleManager     : Loading package axelor-base...
2026-10-06 13:48:20.760  INFO 10686 --- [           main] com.axelor.meta.loader.ModuleManager     : Loading package axelor-stock...
2026-10-06 13:48:20.760  INFO 10686 --- [           main] com.axelor.meta.loader.ModuleManager     : Loading package axelor-crm...
2026-10-06 13:48:20.760  INFO 10686 --- [           main] com.axelor.meta.loader.ModuleManager     : Loading package axelor-sale...
2026-10-06 13:48:20.760  INFO 10686 --- [           main] com.axelor.meta.loader.ModuleManager     : Loading package axelor-account...
2026-10-06 13:48:20.760  INFO 10686 --- [           main] com.axelor.meta.loader.ModuleManager     : Loading package axelor-purchase...
2026-10-06 13:48:20.760  INFO 10686 --- [           main] com.axelor.meta.loader.ModuleManager     : Loading package axelor-supplychain...
2026-10-06 13:48:20.760  INFO 10686 --- [           main] com.axelor.meta.loader.ModuleManager     : Loading package axelor-bank-payment...
2026-10-06 13:48:20.760  INFO 10686 --- [           main] com.axelor.meta.loader.ModuleManager     : Loading package cencomun-baseline...
2026-10-06 13:48:20.760  INFO 10686 --- [           main] com.axelor.meta.loader.ModuleManager     : Loading package axelor-project...
2026-10-06 13:48:20.760  INFO 10686 --- [           main] com.axelor.meta.loader.ModuleManager     : Loading package axelor-human-resource...
2026-10-06 13:48:20.761  INFO 10686 --- [           main] com.axelor.meta.loader.ModuleManager     : Loading package axelor-quality...
2026-10-06 13:48:20.761  INFO 10686 --- [           main] com.axelor.meta.loader.ModuleManager     : Loading package axelor-helpdesk...
2026-10-06 13:48:20.761  INFO 10686 --- [           main] com.axelor.meta.loader.ModuleManager     : Loading package axelor-client-portal...
2026-10-06 13:48:20.761  INFO 10686 --- [           main] com.axelor.meta.loader.ModuleManager     : Loading package axelor-cash-management...
2026-10-06 13:48:20.761  INFO 10686 --- [           main] com.axelor.meta.loader.ModuleManager     : Loading package axelor-contract...
2026-10-06 13:48:20.761  INFO 10686 --- [           main] com.axelor.meta.loader.ModuleManager     : Loading package axelor-intervention...
2026-10-06 13:48:20.761  INFO 10686 --- [           main] com.axelor.meta.loader.ModuleManager     : Loading package axelor-production...
2026-10-06 13:48:20.761  INFO 10686 --- [           main] com.axelor.meta.loader.ModuleManager     : Loading package axelor-maintenance...
2026-10-06 13:48:20.761  INFO 10686 --- [           main] com.axelor.meta.loader.ModuleManager     : Loading package axelor-gdpr...
2026-10-06 13:48:20.761  INFO 10686 --- [           main] com.axelor.meta.loader.ModuleManager     : Loading package axelor-fleet...
2026-10-06 13:48:20.761  INFO 10686 --- [           main] com.axelor.meta.loader.ModuleManager     : Loading package axelor-supplier-portal...
2026-10-06 13:48:20.761  INFO 10686 --- [           main] com.axelor.meta.loader.ModuleManager     : Loading package axelor-supplier-management...
2026-10-06 13:48:20.761  INFO 10686 --- [           main] com.axelor.meta.loader.ModuleManager     : Loading package axelor-mobile-settings...
2026-10-06 13:48:20.761  INFO 10686 --- [           main] com.axelor.meta.loader.ModuleManager     : Loading package axelor-talent...
2026-10-06 13:48:20.761  INFO 10686 --- [           main] com.axelor.meta.loader.ModuleManager     : Loading package axelor-marketing...
2026-10-06 13:48:20.761  INFO 10686 --- [           main] com.axelor.meta.loader.ModuleManager     : Loading package axelor-budget...
2026-10-06 13:48:20.761  INFO 10686 --- [           main] com.axelor.meta.loader.ModuleManager     : Loading package axelor-erp...
2026-10-06 13:48:20.770  INFO 10686 --- [           main] c.a.app.leader.LeaderElectionWorker      : Leader Election Worker started.
2026-10-06 13:48:24.642  INFO 10686 --- [           main] c.a.s.bpm.listener.AppEntityListener     : BPM app state changed: active=false
2026-10-06 13:48:24.696  INFO 10686 --- [           main] c.a.s.b.s.init.ProcessEngineServiceImpl  : Engine removed for tenant: default
2026-10-06 13:48:28.313  INFO 10686 --- [           main] c.a.s.ls.LinkScriptBindingsServiceImpl   : Registering LinkScript function: com.axelor.studio.ls.builtin.LinkScriptRequest.request as request
2026-10-06 13:48:28.314  INFO 10686 --- [           main] c.a.s.ls.LinkScriptBindingsServiceImpl   : Registering LinkScript function: com.axelor.studio.ls.builtin.LinkScriptFunctions.inject as inject
2026-10-06 13:48:28.314  INFO 10686 --- [           main] c.a.s.ls.LinkScriptBindingsServiceImpl   : Registering LinkScript function: com.axelor.studio.ls.builtin.LinkScriptFunctions.echo as echo
2026-10-06 13:48:28.314  INFO 10686 --- [           main] c.a.s.ls.LinkScriptBindingsServiceImpl   : Registering LinkScript function: com.axelor.studio.ls.builtin.LinkScriptFunctions.run as run
2026-10-06 13:48:28.315  INFO 10686 --- [           main] c.a.s.ls.LinkScriptBindingsServiceImpl   : Registering LinkScript binding: com.axelor.studio.ls.LinkScriptService
2026-10-06 13:48:28.323  INFO 10686 --- [           main] c.a.s.ls.LinkScriptBindingsServiceImpl   : Registering LinkScript binding: com.axelor.studio.ls.builtin.LinkScriptLogger.get as __log__
2026-10-06 13:48:28.796  INFO 10686 --- [           main] c.a.s.b.s.init.BpmEngineEventService     : Non-distributed cache, skipping BPM event subscription
2026-10-06 13:48:29.241  INFO 10686 --- [           main] com.axelor.web.AppStartup                : Ready to serve...

Running at http://localhost:8080/axelor-erp

2026-10-06 13:48:41.639  INFO 10686 --- [nio-8080-exec-8] .a.a.b.s.a.SequenceIncrementExecutorImpl : SequenceIncrementExecutor initialized with single-thread executor
2026-10-06 13:48:41.640  INFO 10686 --- [nio-8080-exec-8] a.a.b.s.a.SequenceReservationServiceImpl : SequenceReservationService initialized with single-thread executor
2026-10-06 13:48:43.220  INFO 10686 --- [       Thread-0] com.axelor.db.audit.AsyncAuditQueue      : Shutting down AuditQueue...
2026-10-06 13:48:45.439  INFO 10686 --- [       Thread-0] com.axelor.quartz.JobRunner              : The job scheduler is already stopped.
2026-10-06 13:48:45.439  INFO 10686 --- [       Thread-0] c.a.app.leader.LeaderElectionWorker      : Stopping Leader Election Worker...
2026-10-06 13:48:45.440  INFO 10686 --- [       Thread-0] c.a.app.leader.LeaderElectionWorker      : Leader Election Worker stopped.
