Oct 06, 2026 2:06:10 PM org.apache.coyote.AbstractProtocol init
INFO: Initializing ProtocolHandler ["http-nio-8080"]
Oct 06, 2026 2:06:10 PM org.apache.catalina.core.StandardService startInternal
INFO: Starting service [Tomcat]
Oct 06, 2026 2:06:10 PM org.apache.catalina.core.StandardEngine startInternal
INFO: Starting Servlet engine: [Apache Tomcat/10.1.57]
Oct 06, 2026 2:06:12 PM org.apache.catalina.startup.ContextConfig getDefaultWebXmlFragment
INFO: No global web.xml found
2026-10-06 14:06:49.379  INFO 16116 --- [           main] com.axelor.db.JpaModule                  : JCache provider: com.github.benmanes.caffeine.jcache.spi.CaffeineCachingProvider
2026-10-06 14:07:02.639  INFO 16116 --- [           main] com.axelor.app.AppModule                 : Configuring app modules...
2026-10-06 14:07:16.379  INFO 16116 --- [           main] com.axelor.app.AppModule                 : View processors: com.axelor.studio.service.ViewProcessorImpl, com.axelor.apps.base.service.meta.BaseViewProcessor
2026-10-06 14:07:17.254  INFO 16116 --- [           main] com.axelor.app.AppModule                 : Script policy configurators: com.axelor.studio.scripting.StudioScriptPolicyConfigurator, com.axelor.apps.base.module.BaseCustomPolicy, com.axelor.apps.crm.module.CrmCustomPolicy, com.axelor.apps.account.module.AccountCustomPolicy, com.axelor.apps.intervention.module.InterventionCustomPolicy
2026-10-06 14:07:17.943  INFO 16116 --- [           main] com.axelor.app.AppModule                 : Cache provider: caffeine
2026-10-06 14:07:32.507  INFO 16116 --- [           main] c.axelor.web.socket.WebSocketEndpoint    : Registering channel: tags
2026-10-06 14:07:32.507  INFO 16116 --- [           main] c.axelor.web.socket.WebSocketEndpoint    : Registering channel: mail
2026-10-06 14:07:34.127  INFO 16116 --- [           main] com.axelor.auth.pac4j.AuthPac4jModule    : JCache provider: com.github.benmanes.caffeine.jcache.spi.CaffeineCachingProvider
2026-10-06 14:07:35.813  INFO 16116 --- [           main] c.axelor.auth.pac4j.ClientListService    : Indirect clients: AxelorFormClient, MfaClient
2026-10-06 14:07:35.814  INFO 16116 --- [           main] c.axelor.auth.pac4j.ClientListService    : Direct clients: AxelorApiKeyClient
2026-10-06 14:09:49.766  INFO 16116 --- [           main] c.a.d.h.dialect.CustomDialectResolver    : Database dialect: AxelorPostgreSQLDialect, version: 16.15
2026-10-06 14:10:58.743  INFO 16116 --- [           main] com.axelor.web.AppStartup                : Initializing...
2026-10-06 14:11:10.233  INFO 16116 --- [           main] c.a.s.b.s.BpmAsyncExecutorServiceImpl    : BPM async ForkJoinPool initialized: parallelism=4
2026-10-06 14:11:10.397  INFO 16116 --- [           main] com.axelor.meta.loader.ModuleManager     : Loading package axelor-core...
2026-10-06 14:11:10.397  INFO 16116 --- [           main] com.axelor.meta.loader.ModuleManager     : Loading package axelor-web...
2026-10-06 14:11:10.397  INFO 16116 --- [           main] com.axelor.meta.loader.ModuleManager     : Loading package axelor-utils...
2026-10-06 14:11:10.397  INFO 16116 --- [           main] com.axelor.meta.loader.ModuleManager     : Loading package axelor-message...
2026-10-06 14:11:10.398  INFO 16116 --- [           main] com.axelor.meta.loader.ModuleManager     : Loading package axelor-studio...
2026-10-06 14:11:10.398  INFO 16116 --- [           main] com.axelor.meta.loader.ModuleManager     : Loading package axelor-base...
2026-10-06 14:11:10.398  INFO 16116 --- [           main] com.axelor.meta.loader.ModuleManager     : Loading package axelor-stock...
2026-10-06 14:11:10.398  INFO 16116 --- [           main] com.axelor.meta.loader.ModuleManager     : Loading package axelor-crm...
2026-10-06 14:11:10.398  INFO 16116 --- [           main] com.axelor.meta.loader.ModuleManager     : Loading package axelor-sale...
2026-10-06 14:11:10.398  INFO 16116 --- [           main] com.axelor.meta.loader.ModuleManager     : Loading package axelor-account...
2026-10-06 14:11:10.398  INFO 16116 --- [           main] com.axelor.meta.loader.ModuleManager     : Loading package axelor-purchase...
2026-10-06 14:11:10.398  INFO 16116 --- [           main] com.axelor.meta.loader.ModuleManager     : Loading package axelor-supplychain...
2026-10-06 14:11:10.398  INFO 16116 --- [           main] com.axelor.meta.loader.ModuleManager     : Loading package axelor-bank-payment...
2026-10-06 14:11:10.398  INFO 16116 --- [           main] com.axelor.meta.loader.ModuleManager     : Loading package cencomun-baseline...
2026-10-06 14:11:10.398  INFO 16116 --- [           main] com.axelor.meta.loader.ModuleManager     : Loading package axelor-project...
2026-10-06 14:11:10.398  INFO 16116 --- [           main] com.axelor.meta.loader.ModuleManager     : Loading package axelor-human-resource...
2026-10-06 14:11:10.398  INFO 16116 --- [           main] com.axelor.meta.loader.ModuleManager     : Loading package axelor-quality...
2026-10-06 14:11:10.398  INFO 16116 --- [           main] com.axelor.meta.loader.ModuleManager     : Loading package axelor-helpdesk...
2026-10-06 14:11:10.399  INFO 16116 --- [           main] com.axelor.meta.loader.ModuleManager     : Loading package axelor-client-portal...
2026-10-06 14:11:10.399  INFO 16116 --- [           main] com.axelor.meta.loader.ModuleManager     : Loading package axelor-cash-management...
2026-10-06 14:11:10.399  INFO 16116 --- [           main] com.axelor.meta.loader.ModuleManager     : Loading package axelor-contract...
2026-10-06 14:11:10.399  INFO 16116 --- [           main] com.axelor.meta.loader.ModuleManager     : Loading package axelor-intervention...
2026-10-06 14:11:10.399  INFO 16116 --- [           main] com.axelor.meta.loader.ModuleManager     : Loading package axelor-production...
2026-10-06 14:11:10.399  INFO 16116 --- [           main] com.axelor.meta.loader.ModuleManager     : Loading package axelor-maintenance...
2026-10-06 14:11:10.399  INFO 16116 --- [           main] com.axelor.meta.loader.ModuleManager     : Loading package axelor-gdpr...
2026-10-06 14:11:10.399  INFO 16116 --- [           main] com.axelor.meta.loader.ModuleManager     : Loading package axelor-fleet...
2026-10-06 14:11:10.399  INFO 16116 --- [           main] com.axelor.meta.loader.ModuleManager     : Loading package axelor-supplier-portal...
2026-10-06 14:11:10.399  INFO 16116 --- [           main] com.axelor.meta.loader.ModuleManager     : Loading package axelor-supplier-management...
2026-10-06 14:11:10.399  INFO 16116 --- [           main] com.axelor.meta.loader.ModuleManager     : Loading package axelor-mobile-settings...
2026-10-06 14:11:10.399  INFO 16116 --- [           main] com.axelor.meta.loader.ModuleManager     : Loading package axelor-talent...
2026-10-06 14:11:10.399  INFO 16116 --- [           main] com.axelor.meta.loader.ModuleManager     : Loading package axelor-marketing...
2026-10-06 14:11:10.399  INFO 16116 --- [           main] com.axelor.meta.loader.ModuleManager     : Loading package axelor-budget...
2026-10-06 14:11:10.399  INFO 16116 --- [           main] com.axelor.meta.loader.ModuleManager     : Loading package axelor-erp...
2026-10-06 14:11:10.408  INFO 16116 --- [           main] c.a.app.leader.LeaderElectionWorker      : Leader Election Worker started.
2026-10-06 14:11:14.362  INFO 16116 --- [           main] c.a.s.bpm.listener.AppEntityListener     : BPM app state changed: active=false
2026-10-06 14:11:14.417  INFO 16116 --- [           main] c.a.s.b.s.init.ProcessEngineServiceImpl  : Engine removed for tenant: default
2026-10-06 14:11:17.764  INFO 16116 --- [           main] c.a.s.ls.LinkScriptBindingsServiceImpl   : Registering LinkScript function: com.axelor.studio.ls.builtin.LinkScriptRequest.request as request
2026-10-06 14:11:17.765  INFO 16116 --- [           main] c.a.s.ls.LinkScriptBindingsServiceImpl   : Registering LinkScript function: com.axelor.studio.ls.builtin.LinkScriptFunctions.inject as inject
2026-10-06 14:11:17.765  INFO 16116 --- [           main] c.a.s.ls.LinkScriptBindingsServiceImpl   : Registering LinkScript function: com.axelor.studio.ls.builtin.LinkScriptFunctions.echo as echo
2026-10-06 14:11:17.765  INFO 16116 --- [           main] c.a.s.ls.LinkScriptBindingsServiceImpl   : Registering LinkScript function: com.axelor.studio.ls.builtin.LinkScriptFunctions.run as run
2026-10-06 14:11:17.765  INFO 16116 --- [           main] c.a.s.ls.LinkScriptBindingsServiceImpl   : Registering LinkScript binding: com.axelor.studio.ls.LinkScriptService
2026-10-06 14:11:17.773  INFO 16116 --- [           main] c.a.s.ls.LinkScriptBindingsServiceImpl   : Registering LinkScript binding: com.axelor.studio.ls.builtin.LinkScriptLogger.get as __log__
2026-10-06 14:11:18.259  INFO 16116 --- [           main] c.a.s.b.s.init.BpmEngineEventService     : Non-distributed cache, skipping BPM event subscription
2026-10-06 14:11:18.681  INFO 16116 --- [           main] com.axelor.web.AppStartup                : Ready to serve...

Running at http://localhost:8080/axelor-erp

2026-10-06 14:11:33.620  INFO 16116 --- [nio-8080-exec-8] .a.a.b.s.a.SequenceIncrementExecutorImpl : SequenceIncrementExecutor initialized with single-thread executor
2026-10-06 14:11:33.621  INFO 16116 --- [nio-8080-exec-8] a.a.b.s.a.SequenceReservationServiceImpl : SequenceReservationService initialized with single-thread executor
2026-10-06 14:11:35.255  INFO 16116 --- [       Thread-0] com.axelor.db.audit.AsyncAuditQueue      : Shutting down AuditQueue...
2026-10-06 14:11:37.461  INFO 16116 --- [       Thread-0] com.axelor.quartz.JobRunner              : The job scheduler is already stopped.
2026-10-06 14:11:37.462  INFO 16116 --- [       Thread-0] c.a.app.leader.LeaderElectionWorker      : Stopping Leader Election Worker...
2026-10-06 14:11:37.462  INFO 16116 --- [       Thread-0] c.a.app.leader.LeaderElectionWorker      : Leader Election Worker stopped.
