To honour the JVM settings for this build a single-use Daemon process will be forked. For more on this, please refer to https://docs.gradle.org/8.14.3/userguide/gradle_daemon.html#sec:disabling_the_daemon in the Gradle documentation.
Daemon will be stopped at the end of the build 
> Task :buildSrc:compileJava UP-TO-DATE
> Task :buildSrc:compileGroovy NO-SOURCE
> Task :buildSrc:processResources NO-SOURCE
> Task :buildSrc:classes UP-TO-DATE
> Task :buildSrc:jar UP-TO-DATE
> Task :modules:cencomun-baseline:processTestResources NO-SOURCE
> Task :modules:axelor-base:generateCode
> Task :modules:axelor-account:generateCode
> Task :modules:axelor-human-resource:nodeSetup
> Task :modules:axelor-account:processResources
> Task :modules:axelor-bank-payment:generateCode
> Task :modules:axelor-bank-payment:xjc
> Task :modules:axelor-bank-payment:processResources
> Task :modules:axelor-crm:generateCode
> Task :modules:axelor-crm:processResources
> Task :modules:axelor-purchase:generateCode
> Task :modules:axelor-purchase:processResources
> Task :modules:axelor-sale:generateCode
> Task :modules:axelor-sale:processResources
> Task :modules:axelor-stock:generateCode
> Task :modules:axelor-stock:processResources
> Task :modules:axelor-supplychain:generateCode
> Task :modules:axelor-supplychain:processResources
> Task :modules:cencomun-baseline:generateCode
> Task :modules:cencomun-baseline:processResources
> Task :modules:cencomun-baseline:generateTestCode
> Task :modules:axelor-contract:generateCode
> Task :modules:axelor-project:generateCode
> Task :modules:axelor-human-resource:generateCode
> Task :modules:axelor-budget:generateCode

> Task :modules:axelor-base:compileJava
Note: Some input files use or override a deprecated API.
Note: Recompile with -Xlint:deprecation for details.
Note: Some input files use unchecked or unsafe operations.
Note: Recompile with -Xlint:unchecked for details.

> Task :modules:axelor-cash-management:generateCode
> Task :modules:axelor-helpdesk:generateCode
> Task :modules:axelor-client-portal:generateCode
> Task :modules:axelor-fleet:generateCode
> Task :modules:axelor-gdpr:generateCode
> Task :modules:axelor-base:processResources
> Task :modules:axelor-base:classes
> Task :modules:axelor-intervention:generateCode

> Task :modules:axelor-crm:compileJava
Note: Some input files use unchecked or unsafe operations.
Note: Recompile with -Xlint:unchecked for details.

> Task :modules:axelor-crm:classes
> Task :modules:axelor-purchase:compileJava
> Task :modules:axelor-purchase:classes

> Task :modules:axelor-sale:compileJava
Note: /workspace/ccm-ci-state/runtime/open-suite-webapp/modules/axelor-open-suite/axelor-sale/src/main/java/com/axelor/apps/sale/service/configurator/ConfiguratorCreatorImportServiceImpl.java uses or overrides a deprecated API.
Note: Recompile with -Xlint:deprecation for details.
Note: Some input files use unchecked or unsafe operations.
Note: Recompile with -Xlint:unchecked for details.

> Task :modules:axelor-sale:classes

> Task :modules:axelor-account:compileJava
Note: Some input files use or override a deprecated API.
Note: Recompile with -Xlint:deprecation for details.
Note: Some input files use unchecked or unsafe operations.
Note: Recompile with -Xlint:unchecked for details.

> Task :modules:axelor-account:classes

> Task :modules:axelor-stock:compileJava
Note: Some input files use unchecked or unsafe operations.
Note: Recompile with -Xlint:unchecked for details.

> Task :modules:axelor-stock:classes

> Task :modules:axelor-bank-payment:compileJava
Note: /workspace/ccm-ci-state/runtime/open-suite-webapp/modules/axelor-open-suite/axelor-bank-payment/src/main/java/com/axelor/apps/bankpayment/service/bankorder/BankOrderEncryptionServiceImpl.java uses or overrides a deprecated API.
Note: Recompile with -Xlint:deprecation for details.
Note: Some input files use unchecked or unsafe operations.
Note: Recompile with -Xlint:unchecked for details.

> Task :modules:axelor-bank-payment:classes

> Task :modules:axelor-supplychain:compileJava
Note: Some input files use unchecked or unsafe operations.
Note: Recompile with -Xlint:unchecked for details.

> Task :modules:axelor-account:jar
> Task :modules:axelor-supplychain:classes
> Task :modules:axelor-bank-payment:jar
> Task :modules:axelor-base:nodeSetup SKIPPED

> Task :modules:axelor-base:yarnSetup

added 1 package in 1s
npm notice
npm notice New minor version of npm available! 11.5.1 -> 11.21.0
npm notice Changelog: https://github.com/npm/cli/releases/tag/v11.21.0
npm notice To update run: npm install -g npm@11.21.0
npm notice

> Task :modules:cencomun-baseline:compileJava
Note: Some input files use or override a deprecated API.
Note: Recompile with -Xlint:deprecation for details.
Note: Some input files use unchecked or unsafe operations.
Note: Recompile with -Xlint:unchecked for details.

> Task :modules:cencomun-baseline:classes
> Task :modules:cencomun-baseline:jar
> Task :modules:axelor-crm:jar
> Task :modules:axelor-purchase:jar
> Task :modules:axelor-sale:jar
> Task :modules:axelor-stock:jar
> Task :modules:axelor-supplychain:jar

> Task :modules:axelor-base:installFrontDeps
yarn install v1.22.22
[1/4] Resolving packages...
[2/4] Fetching packages...

> Task :modules:cencomun-baseline:compileTestJava
Note: /workspace/ccm-ci-state/runtime/open-suite-webapp/modules/cencomun-baseline/src/native-test/java/com/cencomun/core/NativeFinanceModelTest.java uses unchecked or unsafe operations.
Note: Recompile with -Xlint:unchecked for details.

> Task :modules:cencomun-baseline:testClasses
> Task :modules:axelor-quality:generateCode
> Task :modules:axelor-production:generateCode
> Task :modules:axelor-maintenance:generateCode
> Task :modules:axelor-marketing:generateCode
> Task :modules:axelor-mobile-settings:generateCode
> Task :modules:axelor-supplier-management:generateCode

> Task :modules:axelor-base:installFrontDeps
[3/4] Linking dependencies...
warning " > react-leaflet@4.2.1" has incorrect peer dependency "react@^18.0.0".
warning " > react-leaflet@4.2.1" has incorrect peer dependency "react-dom@^18.0.0".
warning "react-leaflet > @react-leaflet/core@2.1.0" has incorrect peer dependency "react@^18.0.0".
warning "react-leaflet > @react-leaflet/core@2.1.0" has incorrect peer dependency "react-dom@^18.0.0".

> Task :modules:axelor-supplier-portal:generateCode
> Task :modules:axelor-talent:generateCode

> Task :modules:axelor-base:installFrontDeps
[4/4] Building fresh packages...
Done in 10.23s.

> Task :generateCode

> Task :modules:axelor-base:buildFront
yarn run v1.22.22
$ tsc -b && vite build
vite v7.1.3 building for production...
transforming...

> Task :modules:axelor-contract:compileJava
Note: /workspace/ccm-ci-state/runtime/open-suite-webapp/modules/axelor-open-suite/axelor-contract/src/main/java/com/axelor/apps/contract/service/ContractLineServiceImpl.java uses or overrides a deprecated API.
Note: Recompile with -Xlint:deprecation for details.
Note: Some input files use unchecked or unsafe operations.
Note: Recompile with -Xlint:unchecked for details.

> Task :modules:axelor-contract:processResources
> Task :modules:axelor-contract:classes

> Task :modules:axelor-project:compileJava
Note: Some input files use unchecked or unsafe operations.
Note: Recompile with -Xlint:unchecked for details.

> Task :modules:axelor-project:processResources
> Task :modules:axelor-project:classes

> Task :modules:axelor-base:buildFront
✓ 141 modules transformed.
rendering chunks...
computing gzip size...
dist/index.html                  0.40 kB │ gzip:   0.27 kB
dist/assets/main-_YR7G7Kq.css   21.59 kB │ gzip:   6.95 kB
dist/assets/main-6hvLDFh7.js   391.33 kB │ gzip: 126.66 kB
✓ built in 2.63s
Done in 5.76s.

> Task :modules:axelor-base:jar

> Task :modules:axelor-human-resource:compileJava
Note: /workspace/ccm-ci-state/runtime/open-suite-webapp/modules/axelor-open-suite/axelor-human-resource/src/main/java/com/axelor/apps/hr/service/KilometricResponseToolServiceImpl.java uses or overrides a deprecated API.
Note: Recompile with -Xlint:deprecation for details.
Note: Some input files use unchecked or unsafe operations.
Note: Recompile with -Xlint:unchecked for details.

> Task :modules:axelor-base:copyReactWebapp
> Task :modules:axelor-human-resource:processResources
> Task :modules:axelor-human-resource:classes

> Task :modules:axelor-budget:compileJava
Note: /workspace/ccm-ci-state/runtime/open-suite-webapp/modules/axelor-open-suite/axelor-budget/src/main/java/com/axelor/apps/budget/web/BudgetGeneratorController.java uses or overrides a deprecated API.
Note: Recompile with -Xlint:deprecation for details.
Note: Some input files use unchecked or unsafe operations.
Note: Recompile with -Xlint:unchecked for details.

> Task :modules:cencomun-baseline:test
Running: Test fixtureRendersEveryNativeLineIncludingUnusedLines()(com.cencomun.core.NativeAddressTemplateTest)

> Task :modules:axelor-budget:processResources
> Task :modules:axelor-budget:classes

> Task :modules:cencomun-baseline:test
Running: Test missingRequiredFieldCollectionReproducesTheNextNativeFailure()(com.cencomun.core.NativeAddressTemplateTest)
Running: Test fixtureCannotBypassAnyOfficialRequiredField(String)[1](com.cencomun.core.NativeAddressTemplateTest)
Running: Test fixtureCannotBypassAnyOfficialRequiredField(String)[2](com.cencomun.core.NativeAddressTemplateTest)
Running: Test fixtureCannotBypassAnyOfficialRequiredField(String)[3](com.cencomun.core.NativeAddressTemplateTest)
Running: Test fixtureRejectsIncompleteMetadataBeforeAnySave()(com.cencomun.core.NativeAddressTemplateTest)
Running: Test missingRequiredMetadataReproducesTheNativeFailure()(com.cencomun.core.NativeAddressTemplateTest)
Running: Test missingLineTemplateReproducesTheNativePreparationFailure()(com.cencomun.core.NativeAddressTemplateTest)
Running: Test preservesQuotedDescriptionSignedAmountsAndCrLf()(com.cencomun.core.NativeBankCsvTest)
Running: Test refusesChangedSharedHeader()(com.cencomun.core.NativeBankCsvTest)
Running: Test refusesMalformedShortRow()(com.cencomun.core.NativeBankCsvTest)
Running: Test purchaseRateRetainsTheSameStringTypeBeforeAndAfterReplaySerialization()(com.cencomun.core.NativeFinanceModelTest)
Running: Test decimalSerializationIsIdenticalAfterPersistenceChangesScale()(com.cencomun.core.NativeFinanceModelTest)
Running: Test immutableNativeAuditRepositoryReturnsPermissionDenialBeforePersistence()(com.cencomun.core.NativeFinanceModelTest)
Running: Test pinnedSessionProvidesActualJdbcExecutionCallbacks()(com.cencomun.core.NativeFinanceModelTest)
Running: Test benchmarkReferenceBelongsToTheNativeStatementLine()(com.cencomun.core.NativeFinanceModelTest)
Running: Test bankCodeIsTheNativeBicAndBankNameIsTheSupportedField()(com.cencomun.core.NativeFinanceModelTest)
Running: Test nativeLineComputeAcceptsTheLineAndItsOrderBeforeHeaderTotals()(com.cencomun.core.NativeFinanceModelTest)
Running: Test labDisablesOnlyAutomaticSalesPdf()(com.cencomun.core.NativeInvoiceRuntimeTest)
Running: Test skippedVentilationCannotBeSilentlyAccepted()(com.cencomun.core.NativeInvoiceRuntimeTest)
Running: Test economicDocumentReferencesAreNativeTypedForeignKeys()(com.cencomun.core.NativeOrderModelTest)
Running: Test semanticAuditCannotBeEditedEvenWithinWorkflowScope()(com.cencomun.core.NativeOrderModelTest)
Running: Test genericRepositorySaveDoesNotGainWorkflowPrivilege()(com.cencomun.core.NativeOrderModelTest)
Running: Test generatedStateCannotRepresentAnUnknownValue()(com.cencomun.core.NativeOrderModelTest)
Running: Test readerPhoneKeepsCompanyBeforeString()(com.cencomun.core.NativePermissionFilterTest)
Running: Test directQueryRetainsExplicitIndexes()(com.cencomun.core.NativePermissionFilterTest)
Running: Test oldIndexedPermissionReproducesNativeDoubleNumbering()(com.cencomun.core.NativePermissionFilterTest)
Running: Test readerInvoiceKeepsCompany()(com.cencomun.core.NativePermissionFilterTest)
Running: Test readerNameKeepsCompanyBeforeString()(com.cencomun.core.NativePermissionFilterTest)

> Task :modules:axelor-cash-management:compileJava
> Task :modules:axelor-cash-management:processResources
> Task :modules:axelor-cash-management:classes
> Task :modules:axelor-client-portal:processResources
> Task :modules:axelor-helpdesk:compileJava
> Task :modules:axelor-helpdesk:processResources
> Task :modules:axelor-helpdesk:classes
> Task :modules:axelor-fleet:compileJava
> Task :modules:axelor-fleet:processResources
> Task :modules:axelor-fleet:classes
> Task :modules:axelor-client-portal:compileJava
> Task :modules:axelor-client-portal:classes

> Task :modules:axelor-gdpr:compileJava
Note: Some input files use unchecked or unsafe operations.
Note: Recompile with -Xlint:unchecked for details.

> Task :modules:axelor-gdpr:processResources
> Task :modules:axelor-gdpr:classes
> Task :modules:axelor-intervention:compileJava
> Task :modules:axelor-intervention:processResources
> Task :modules:axelor-intervention:classes
> Task :modules:axelor-production:processResources
> Task :modules:axelor-maintenance:processResources
> Task :modules:axelor-quality:compileJava
> Task :modules:axelor-quality:processResources
> Task :modules:axelor-quality:classes
> Task :modules:axelor-marketing:compileJava
> Task :modules:axelor-marketing:processResources
> Task :modules:axelor-marketing:classes

> Task :modules:axelor-mobile-settings:compileJava
Note: /workspace/ccm-ci-state/runtime/open-suite-webapp/modules/axelor-open-suite/axelor-mobile-settings/src/main/java/com/axelor/apps/mobilesettings/service/MobileChartServiceImpl.java uses unchecked or unsafe operations.
Note: Recompile with -Xlint:unchecked for details.

> Task :modules:axelor-mobile-settings:processResources
> Task :modules:axelor-mobile-settings:classes

> Task :modules:axelor-production:compileJava
Note: Some input files use or override a deprecated API.
Note: Recompile with -Xlint:deprecation for details.
Note: Some input files use unchecked or unsafe operations.
Note: Recompile with -Xlint:unchecked for details.

> Task :modules:axelor-supplier-management:compileJava
> Task :modules:axelor-production:classes
> Task :modules:axelor-supplier-management:processResources
> Task :modules:axelor-supplier-management:classes
> Task :modules:axelor-supplier-portal:compileJava
> Task :modules:axelor-supplier-portal:processResources
> Task :modules:axelor-supplier-portal:classes
> Task :modules:axelor-maintenance:compileJava
> Task :modules:axelor-maintenance:classes
> Task :processResources
> Task :copyWebapp
> Task :modules:axelor-budget:jar
> Task :modules:axelor-cash-management:jar

> Task :modules:axelor-talent:compileJava
Note: /workspace/ccm-ci-state/runtime/open-suite-webapp/modules/axelor-open-suite/axelor-talent/src/main/java/com/axelor/apps/talent/web/AppraisalController.java uses unchecked or unsafe operations.
Note: Recompile with -Xlint:unchecked for details.

> Task :modules:axelor-client-portal:jar
> Task :modules:axelor-talent:processResources
> Task :modules:axelor-talent:classes
> Task :modules:axelor-contract:jar
> Task :modules:axelor-fleet:jar
> Task :modules:axelor-gdpr:jar
> Task :modules:axelor-helpdesk:jar

> Task :modules:axelor-human-resource:yarnSetup

added 1 package in 802ms

> Task :compileJava
> Task :classes
> Task :modules:axelor-intervention:jar
> Task :modules:axelor-maintenance:jar
> Task :modules:axelor-marketing:jar
> Task :modules:axelor-mobile-settings:jar
> Task :modules:axelor-production:jar
> Task :modules:axelor-project:jar
> Task :modules:axelor-quality:jar
> Task :modules:axelor-supplier-management:jar
> Task :modules:axelor-supplier-portal:jar
> Task :modules:axelor-talent:jar
> Task :modules:axelor-base:generateTestCode

> Task :modules:axelor-human-resource:installFrontDeps
yarn install v1.22.19
[1/4] Resolving packages...
[2/4] Fetching packages...

> Task :modules:axelor-base:compileTestJava
> Task :modules:axelor-base:processTestResources
> Task :modules:axelor-base:testClasses

> Task :modules:axelor-base:test
Running: Test testGetTaxKeyFromSiren(String, String)[1](com.axelor.apps.base.service.partner.registrationnumber.TestTaxNumberHelper)
Running: Test testGetTaxKeyFromSiren(String, String)[2](com.axelor.apps.base.service.partner.registrationnumber.TestTaxNumberHelper)
Running: Test testGetTaxKeyFromSiren(String, String)[3](com.axelor.apps.base.service.partner.registrationnumber.TestTaxNumberHelper)
Running: Test testGetTaxKeyFromSiren(String, String)[4](com.axelor.apps.base.service.partner.registrationnumber.TestTaxNumberHelper)
Running: Test testGetTaxKeyFromSiren(String, String)[5](com.axelor.apps.base.service.partner.registrationnumber.TestTaxNumberHelper)
Running: Test testGetTaxKeyFromSiren(String, String)[6](com.axelor.apps.base.service.partner.registrationnumber.TestTaxNumberHelper)
Running: Test testGetTaxKeyFromSiren(String, String)[7](com.axelor.apps.base.service.partner.registrationnumber.TestTaxNumberHelper)
Running: Test testGetTaxKeyFromSiren(String, String)[8](com.axelor.apps.base.service.partner.registrationnumber.TestTaxNumberHelper)
Running: Test testGetTaxNbrFromSiren(String, String)[1](com.axelor.apps.base.service.partner.registrationnumber.TestTaxNumberHelper)
Running: Test testGetTaxNbrFromSiren(String, String)[2](com.axelor.apps.base.service.partner.registrationnumber.TestTaxNumberHelper)
Running: Test testGetTaxNbrFromSiren(String, String)[3](com.axelor.apps.base.service.partner.registrationnumber.TestTaxNumberHelper)
Running: Test testGetTaxNbrFromSiren(String, String)[4](com.axelor.apps.base.service.partner.registrationnumber.TestTaxNumberHelper)
Running: Test testGetTaxNbrFromSiren(String, String)[5](com.axelor.apps.base.service.partner.registrationnumber.TestTaxNumberHelper)
Running: Test testGetTaxNbrFromSiren(String, String)[6](com.axelor.apps.base.service.partner.registrationnumber.TestTaxNumberHelper)
Running: Test testGetTaxNbrFromSiren(String, String)[7](com.axelor.apps.base.service.partner.registrationnumber.TestTaxNumberHelper)
Running: Test testGetTaxNbrFromSiren(String, String)[8](com.axelor.apps.base.service.partner.registrationnumber.TestTaxNumberHelper)

> Task :modules:axelor-human-resource:installFrontDeps
[3/4] Linking dependencies...
warning " > react-bootstrap-date-picker@5.1.0" has incorrect peer dependency "react-bootstrap@^0.31.0".
warning " > react-intl@2.9.0" has unmet peer dependency "prop-types@^15.5.4".
[4/4] Building fresh packages...
Done in 19.01s.

> Task :modules:axelor-human-resource:buildFront
yarn run v1.22.19
$ node scripts/build.js
(node:5043) [DEP0169] DeprecationWarning: `url.parse()` behavior is not standardized and prone to errors that have security implications. Use the WHATWG URL API instead. CVEs are not issued for `url.parse()` vulnerabilities.
(Use `node --trace-deprecation ...` to show where the warning was created)
(node:5043) [DEP0176] DeprecationWarning: fs.F_OK is deprecated, use fs.constants.F_OK instead
Creating an optimized production build...
(node:5043) Warning: Accessing non-existent property 'cat' of module exports inside circular dependency
(node:5043) Warning: Accessing non-existent property 'cd' of module exports inside circular dependency
(node:5043) Warning: Accessing non-existent property 'chmod' of module exports inside circular dependency
(node:5043) Warning: Accessing non-existent property 'cp' of module exports inside circular dependency
(node:5043) Warning: Accessing non-existent property 'dirs' of module exports inside circular dependency
(node:5043) Warning: Accessing non-existent property 'pushd' of module exports inside circular dependency
(node:5043) Warning: Accessing non-existent property 'popd' of module exports inside circular dependency
(node:5043) Warning: Accessing non-existent property 'echo' of module exports inside circular dependency
(node:5043) Warning: Accessing non-existent property 'tempdir' of module exports inside circular dependency
(node:5043) Warning: Accessing non-existent property 'pwd' of module exports inside circular dependency
(node:5043) Warning: Accessing non-existent property 'exec' of module exports inside circular dependency
(node:5043) Warning: Accessing non-existent property 'ls' of module exports inside circular dependency
(node:5043) Warning: Accessing non-existent property 'find' of module exports inside circular dependency
(node:5043) Warning: Accessing non-existent property 'grep' of module exports inside circular dependency
(node:5043) Warning: Accessing non-existent property 'head' of module exports inside circular dependency
(node:5043) Warning: Accessing non-existent property 'ln' of module exports inside circular dependency
(node:5043) Warning: Accessing non-existent property 'mkdir' of module exports inside circular dependency
(node:5043) Warning: Accessing non-existent property 'rm' of module exports inside circular dependency
(node:5043) Warning: Accessing non-existent property 'mv' of module exports inside circular dependency
(node:5043) Warning: Accessing non-existent property 'sed' of module exports inside circular dependency
(node:5043) Warning: Accessing non-existent property 'set' of module exports inside circular dependency
(node:5043) Warning: Accessing non-existent property 'sort' of module exports inside circular dependency
(node:5043) Warning: Accessing non-existent property 'tail' of module exports inside circular dependency
(node:5043) Warning: Accessing non-existent property 'test' of module exports inside circular dependency
(node:5043) Warning: Accessing non-existent property 'to' of module exports inside circular dependency
(node:5043) Warning: Accessing non-existent property 'toEnd' of module exports inside circular dependency
(node:5043) Warning: Accessing non-existent property 'touch' of module exports inside circular dependency
(node:5043) Warning: Accessing non-existent property 'uniq' of module exports inside circular dependency
(node:5043) Warning: Accessing non-existent property 'which' of module exports inside circular dependency
(node:5043) [DEP0060] DeprecationWarning: The `util._extend` API is deprecated. Please use Object.assign() instead.
Compiled successfully.

File sizes after gzip:

  136.97 KB  build/static/js/main.js
  961 B      build/static/css/main.css

The project was built assuming it is hosted at ./.
You can control this with the homepage field in your package.json.

The build folder is ready to be deployed.

Done in 7.94s.

> Task :modules:axelor-human-resource:copyReactWebapp
> Task :modules:axelor-human-resource:jar
> Task :war
> Task :generateRunner
Persisted dependency lock state for settings file 'settings.gradle'
Persisted dependency lock state for root project 'axelor-erp'
Persisted dependency lock state for buildscript of root project 'axelor-erp'
Persisted dependency lock state for project ':modules:axelor-account'
Persisted dependency lock state for project ':modules:axelor-bank-payment'
Persisted dependency lock state for project ':modules:axelor-base'
Persisted dependency lock state for project ':modules:axelor-budget'
Persisted dependency lock state for project ':modules:axelor-cash-management'
Persisted dependency lock state for project ':modules:axelor-client-portal'
Persisted dependency lock state for project ':modules:axelor-contract'
Persisted dependency lock state for project ':modules:axelor-crm'
Persisted dependency lock state for project ':modules:axelor-fleet'
Persisted dependency lock state for project ':modules:axelor-gdpr'
Persisted dependency lock state for project ':modules:axelor-helpdesk'
Persisted dependency lock state for project ':modules:axelor-human-resource'
Persisted dependency lock state for project ':modules:axelor-intervention'
Persisted dependency lock state for project ':modules:axelor-maintenance'
Persisted dependency lock state for project ':modules:axelor-marketing'
Persisted dependency lock state for project ':modules:axelor-mobile-settings'
Persisted dependency lock state for project ':modules:axelor-production'
Persisted dependency lock state for project ':modules:axelor-project'
Persisted dependency lock state for project ':modules:axelor-purchase'
Persisted dependency lock state for project ':modules:axelor-quality'
Persisted dependency lock state for project ':modules:axelor-sale'
Persisted dependency lock state for project ':modules:axelor-stock'
Persisted dependency lock state for project ':modules:axelor-supplier-management'
Persisted dependency lock state for project ':modules:axelor-supplier-portal'
Persisted dependency lock state for project ':modules:axelor-supplychain'
Persisted dependency lock state for project ':modules:axelor-talent'
Persisted dependency lock state for project ':modules:cencomun-baseline'
Persisted dependency lock state for script 'gradle/style.gradle'
Persisted dependency lock state for project ':buildSrc'

[Incubating] Problems report is available at: file:///workspace/ccm-ci-state/runtime/open-suite-webapp/build/reports/problems/problems-report.html

Deprecated Gradle features were used in this build, making it incompatible with Gradle 9.0.

You can use '--warning-mode all' to show the individual deprecation warnings and determine if they come from your own scripts or plugins.

For more on this, please refer to https://docs.gradle.org/8.14.3/userguide/command_line_interface.html#sec:command_line_warnings in the Gradle documentation.

BUILD SUCCESSFUL in 2m 31s
133 actionable tasks: 131 executed, 2 up-to-date
